8 6144 1 3.1379e+08
8 18432 2 5.52849e+08
8 40960 3 5.34307e+08
8 76800 4 5.82568e+08
8 129024 5 3.35075e+08
8 200704 6 1.30789e+08
8 294912 7 8.6865e+07
16 49152 1 1.23933e+09
16 147456 2 1.47323e+09
16 327680 3 5.76212e+08
16 614400 4 5.96401e+08
16 1032192 5 4.69866e+08
16 1605632 6 1.25143e+08
16 2359296 7 9.18574e+07
24 165888 1 1.53856e+09
24 497664 2 1.83891e+09
24 1105920 3 6.06678e+08
24 2073600 4 6.58004e+08
24 3483648 5 3.60375e+08
24 5419008 6 1.24354e+08
24 7962624 7 9.24399e+07
32 393216 1 1.5987e+09
32 1179648 2 2.01874e+09
32 2621440 3 6.16164e+08
32 4915200 4 5.74588e+08
32 8257536 5 3.12037e+08
32 12845056 6 1.24052e+08
32 18874368 7 9.27448e+07
48 1327104 1 1.75031e+09
48 3981312 2 2.15043e+09
48 8847360 3 6.20485e+08
48 16588800 4 6.73214e+08
48 27869184 5 3.4848e+08
48 43352064 6 1.24046e+08
48 63700992 7 9.27582e+07
64 3145728 1 1.80149e+09
64 9437184 2 2.18591e+09
64 20971520 3 6.22012e+08
64 39321600 4 5.3321e+08
64 66060288 5 4.19375e+08
64 102760448 6 1.2373e+08
64 150994944 7 9.27158e+07
