8 12288 1 5.27156e+08
8 30720 2 1.024e+09
8 61440 3 7.63609e+08
8 107520 4 8.19825e+08
8 172032 5 2.89334e+08
8 258048 6 1.6334e+08
8 368640 7 9.61605e+07
16 98304 1 1.43845e+09
16 245760 2 1.91372e+09
16 491520 3 8.36843e+08
16 860160 4 9.62105e+08
16 1376256 5 2.51736e+08
16 2064384 6 1.57402e+08
16 2949120 7 9.67118e+07
24 331776 1 1.60659e+09
24 829440 2 2.21184e+09
24 1658880 3 8.81319e+08
24 2903040 4 9.91073e+08
24 4644864 5 2.50583e+08
24 6967296 6 1.56956e+08
24 9953280 7 9.69703e+07
32 786432 1 1.7201e+09
32 1966080 2 2.37254e+09
32 3932160 3 8.94246e+08
32 6881280 4 9.98936e+08
32 11010048 5 2.57479e+08
32 16515072 6 1.57624e+08
32 23592960 7 9.68445e+07
48 2654208 1 1.81191e+09
48 6635520 2 2.46423e+09
48 13271040 3 9.01827e+08
48 23224320 4 1.00318e+09
48 37158912 5 2.77829e+08
48 55738368 6 1.63163e+08
48 79626240 7 9.72574e+07
64 6291456 1 1.83647e+09
64 15728640 2 2.48913e+09
64 31457280 3 9.05221e+08
64 55050240 4 1.00447e+09
64 88080384 5 2.97279e+08
