8 6144 1 9.76789e+08
8 18432 2 2.47409e+09
8 40960 3 1.17938e+09
8 76800 4 1.24091e+09
8 200704 6 7.26294e+08
8 294912 7 3.70856e+08
16 49152 1 5.9723e+09
16 147456 2 9.14172e+09
16 327680 3 2.3866e+09
16 614400 4 1.76999e+09
16 1605632 6 7.87287e+08
16 2359296 7 3.77122e+08
24 165888 1 1.10298e+10
24 497664 2 1.26987e+10
24 1105920 3 2.38983e+09
24 2073600 4 1.72577e+09
24 5419008 6 7.80267e+08
24 7962624 7 3.83938e+08
32 393216 1 1.39686e+10
32 1179648 2 1.3358e+10
32 2621440 3 2.42396e+09
32 4915200 4 1.67472e+09
32 12845056 6 7.83518e+08
32 18874368 7 3.85226e+08
48 1327104 1 1.39578e+10
48 3981312 2 1.40291e+10
48 8847360 3 2.47341e+09
48 16588800 4 1.69417e+09
48 43352064 6 7.83381e+08
48 63700992 7 3.86073e+08
64 3145728 1 1.43359e+10
64 9437184 2 1.42908e+10
64 20971520 3 2.48572e+09
64 39321600 4 1.69853e+09
64 102760448 6 7.83024e+08
64 150994944 7 3.86393e+08
