8 4096 1 6.69281e+08
8 13824 2 2.17701e+09
8 32768 3 4.41023e+09
8 64000 4 7.46791e+09
8 110592 5 1.18788e+10
8 175616 6 1.60673e+10
8 262144 7 2.0196e+10
16 32768 1 3.60881e+09
16 110592 2 1.54891e+10
16 262144 3 2.06738e+10
16 512000 4 2.57416e+10
16 884736 5 3.17565e+10
16 1404928 6 3.65296e+10
16 2097152 7 3.16313e+10
24 110592 1 7.41233e+09
24 373248 2 3.25412e+10
24 884736 3 3.04033e+10
24 1728000 4 3.02204e+10
24 2985984 5 3.53622e+10
24 4741632 6 4.19094e+10
24 7077888 7 3.53241e+10
32 262144 1 9.74151e+09
32 884736 2 4.17132e+10
32 2097152 3 3.31251e+10
32 4096000 4 3.20903e+10
32 7077888 5 3.78173e+10
32 11239424 6 4.48644e+10
32 16777216 7 3.7238e+10
48 884736 1 1.16153e+10
48 2985984 2 4.61941e+10
48 7077888 3 3.61283e+10
48 13824000 4 3.41975e+10
48 23887872 5 4.00118e+10
48 37933056 6 4.6665e+10
48 56623104 7 3.81588e+10
64 2097152 1 1.22971e+10
64 7077888 2 4.93061e+10
64 16777216 3 3.71169e+10
64 32768000 4 3.48685e+10
64 56623104 5 4.06174e+10
64 89915392 6 4.70941e+10
64 134217728 7 3.84335e+10
