8 12288 1 1.99481e+09
8 30720 2 3.89848e+09
8 61440 3 4.5011e+09
8 107520 4 1.32365e+09
8 172032 5 9.53931e+08
8 368640 7 5.2001e+08
16 98304 1 1.02187e+10
16 245760 2 1.13567e+10
16 491520 3 8.33509e+09
16 860160 4 1.2914e+09
16 1376256 5 8.79386e+08
16 2949120 7 5.81497e+08
24 331776 1 1.76289e+10
24 829440 2 1.33222e+10
24 1658880 3 8.8051e+09
24 2903040 4 1.30163e+09
24 4644864 5 8.73737e+08
24 9953280 7 5.89053e+08
32 786432 1 1.96069e+10
32 1966080 2 1.31387e+10
32 3932160 3 9.03986e+09
32 6881280 4 1.31427e+09
32 11010048 5 8.77764e+08
32 23592960 7 5.90999e+08
48 2654208 1 1.96973e+10
48 6635520 2 1.35041e+10
48 13271040 3 9.18398e+09
48 23224320 4 1.32106e+09
48 37158912 5 8.7996e+08
48 79626240 7 5.92528e+08
64 6291456 1 2.02676e+10
64 15728640 2 1.36877e+10
64 31457280 3 9.20951e+09
64 55050240 4 1.32313e+09
64 88080384 5 8.80764e+08
