8 4096 1 2.62733e+08
8 13824 2 8.11268e+08
8 32768 3 1.87246e+09
8 64000 4 3.35606e+09
8 110592 5 5.1486e+09
8 175616 6 7.12727e+09
8 262144 7 8.62883e+09
16 32768 1 1.43593e+09
16 110592 2 4.16229e+09
16 262144 3 7.75115e+09
16 512000 4 1.07631e+10
16 884736 5 1.24857e+10
16 1404928 6 1.45921e+10
16 2097152 7 1.39643e+10
24 110592 1 2.93347e+09
24 373248 2 7.1682e+09
24 884736 3 1.11092e+10
24 1728000 4 1.33591e+10
24 2985984 5 1.45452e+10
24 4741632 6 1.6145e+10
24 7077888 7 1.56276e+10
32 262144 1 3.76698e+09
32 884736 2 8.20568e+09
32 2097152 3 1.23108e+10
32 4096000 4 1.44669e+10
32 7077888 5 1.56688e+10
32 11239424 6 1.72527e+10
32 16777216 7 1.63195e+10
48 884736 1 4.21765e+09
48 2985984 2 9.15553e+09
48 7077888 3 1.37579e+10
48 13824000 4 1.55985e+10
48 23887872 5 1.64592e+10
48 37933056 6 1.78932e+10
48 56623104 7 1.67198e+10
64 2097152 1 4.44397e+09
64 7077888 2 9.58882e+09
64 16777216 3 1.41925e+10
64 32768000 4 1.5955e+10
64 56623104 5 1.6679e+10
64 89915392 6 1.80546e+10
64 134217728 7 1.68178e+10
