8 4096 1 3.43336e+08
8 13824 2 1.13311e+09
8 32768 3 2.7081e+09
8 64000 4 4.88923e+09
8 110592 5 7.62178e+09
8 175616 6 1.16148e+10
8 262144 7 1.31072e+10
16 32768 1 2.21705e+09
16 110592 2 7.30945e+09
16 262144 3 1.35826e+10
16 512000 4 1.83644e+10
16 884736 5 2.19483e+10
16 1404928 6 2.51374e+10
16 2097152 7 1.88288e+10
24 110592 1 5.3323e+09
24 373248 2 1.46717e+10
24 884736 3 2.17647e+10
24 1728000 4 2.1027e+10
24 2985984 5 2.35953e+10
24 4741632 6 2.65073e+10
24 7077888 7 1.91279e+10
32 262144 1 7.6072e+09
32 884736 2 1.85285e+10
32 2097152 3 2.42305e+10
32 4096000 4 2.08543e+10
32 7077888 5 2.49775e+10
32 11239424 6 2.80719e+10
32 16777216 7 1.96964e+10
48 884736 1 8.59217e+09
48 2985984 2 1.90737e+10
48 7077888 3 2.61331e+10
48 13824000 4 2.19991e+10
48 23887872 5 2.62643e+10
48 37933056 6 2.90911e+10
48 56623104 7 2.00049e+10
64 2097152 1 8.09118e+09
64 7077888 2 1.98088e+10
64 16777216 3 2.71055e+10
64 32768000 4 2.23474e+10
64 56623104 5 2.66009e+10
64 89915392 6 2.93602e+10
64 134217728 7 2.00828e+10
