8 4096 1 2.30371e+08
8 13824 2 7.31042e+08
8 32768 3 1.5656e+09
8 64000 4 2.7027e+09
8 110592 5 3.87363e+09
8 175616 6 4.99619e+09
8 262144 7 5.53397e+09
16 32768 1 1.30915e+09
16 110592 2 3.45384e+09
16 262144 3 4.65207e+09
16 512000 4 5.71556e+09
16 884736 5 6.50015e+09
16 1404928 6 7.57414e+09
16 2097152 7 7.48074e+09
24 110592 1 2.30256e+09
24 373248 2 4.43393e+09
24 884736 3 5.88373e+09
24 1728000 4 6.91034e+09
24 2985984 5 7.59889e+09
24 4741632 6 8.59163e+09
24 7077888 7 8.26605e+09
32 262144 1 2.6774e+09
32 884736 2 4.98078e+09
32 2097152 3 6.61354e+09
32 4096000 4 7.37885e+09
32 7077888 5 8.018e+09
32 11239424 6 8.98392e+09
32 16777216 7 8.52375e+09
48 884736 1 3.06296e+09
48 2985984 2 5.57347e+09
48 7077888 3 7.11481e+09
48 13824000 4 7.73661e+09
48 23887872 5 8.30363e+09
48 37933056 6 9.2395e+09
48 56623104 7 8.65708e+09
64 2097152 1 3.23814e+09
64 7077888 2 5.74569e+09
64 16777216 3 7.24517e+09
64 32768000 4 7.8493e+09
64 56623104 5 8.3793e+09
64 89915392 6 9.30108e+09
64 134217728 7 8.69736e+09
