8 12288 1 1.63622e+09
8 30720 2 2.4208e+09
8 61440 3 1.97747e+09
8 107520 4 8.35237e+08
8 172032 5 2.87036e+08
8 258048 6 1.63633e+08
8 368640 7 9.62419e+07
16 98304 1 5.44922e+09
16 245760 2 4.53683e+09
16 491520 3 2.71949e+09
16 860160 4 9.62848e+08
16 1376256 5 2.5195e+08
16 2064384 6 1.5745e+08
16 2949120 7 9.67274e+07
24 331776 1 6.4223e+09
24 829440 2 4.87046e+09
24 1658880 3 2.85315e+09
24 2903040 4 9.91289e+08
24 4644864 5 2.52858e+08
24 6967296 6 1.57665e+08
24 9953280 7 9.73236e+07
32 786432 1 6.85762e+09
32 1966080 2 5.01641e+09
32 3932160 3 2.89444e+09
32 6881280 4 9.99064e+08
32 11010048 5 2.55834e+08
32 16515072 6 1.57743e+08
32 23592960 7 9.72669e+07
48 2654208 1 7.15112e+09
48 6635520 2 5.09461e+09
48 13271040 3 2.91699e+09
48 23224320 4 1.00338e+09
48 37158912 5 2.80763e+08
48 55738368 6 1.62866e+08
48 79626240 7 9.7409e+07
64 6291456 1 7.24889e+09
64 15728640 2 5.12703e+09
64 31457280 3 2.9201e+09
64 55050240 4 1.0045e+09
64 88080384 5 2.92815e+08
