8 6144 1 7.36691e+08
8 18432 2 1.60557e+09
8 40960 3 5.35005e+08
8 76800 4 5.86081e+08
8 129024 5 3.30137e+08
8 200704 6 1.30782e+08
8 294912 7 8.58268e+07
16 49152 1 3.58512e+09
16 147456 2 3.6481e+09
16 327680 3 5.79073e+08
16 614400 4 6.56951e+08
16 1032192 5 3.1305e+08
16 1605632 6 1.26132e+08
16 2359296 7 8.99243e+07
24 165888 1 5.20351e+09
24 497664 2 4.18381e+09
24 1105920 3 6.06861e+08
24 2073600 4 6.73137e+08
24 3483648 5 3.91514e+08
24 5419008 6 1.23259e+08
24 7962624 7 9.2538e+07
32 393216 1 5.23729e+09
32 1179648 2 4.32565e+09
32 2621440 3 6.15362e+08
32 4915200 4 5.48387e+08
32 8257536 5 3.49809e+08
32 12845056 6 1.22863e+08
32 18874368 7 9.2757e+07
48 1327104 1 5.62738e+09
48 3981312 2 4.44011e+09
48 8847360 3 6.20753e+08
48 16588800 4 5.16454e+08
48 27869184 5 3.16143e+08
48 43352064 6 1.22801e+08
48 63700992 7 9.28031e+07
64 3145728 1 5.74699e+09
64 9437184 2 4.47256e+09
64 20971520 3 6.21768e+08
64 39321600 4 6.75337e+08
64 66060288 5 3.99666e+08
64 102760448 6 1.23739e+08
64 150994944 7 9.29545e+07
