8 12288 1 5.67313e+08
8 30720 2 1.34148e+09
8 61440 3 1.8007e+09
8 107520 4 1.33499e+09
8 172032 5 9.50296e+08
8 368640 7 5.17927e+08
16 98304 1 1.89923e+09
16 245760 2 3.8008e+09
16 491520 3 3.13589e+09
16 860160 4 1.28923e+09
16 1376256 5 8.79251e+08
16 2949120 7 5.8102e+08
24 331776 1 2.35185e+09
24 829440 2 4.37745e+09
24 1658880 3 3.0196e+09
24 2903040 4 1.30094e+09
24 4644864 5 8.73512e+08
24 9953280 7 5.89038e+08
32 786432 1 2.50488e+09
32 1966080 2 4.4548e+09
32 3932160 3 3.12168e+09
32 6881280 4 1.31382e+09
32 11010048 5 8.78038e+08
32 23592960 7 5.91073e+08
48 2654208 1 2.62515e+09
48 6635520 2 4.66403e+09
48 13271040 3 3.18515e+09
48 23224320 4 1.32092e+09
48 37158912 5 8.79869e+08
48 79626240 7 5.92432e+08
64 6291456 1 2.66209e+09
64 15728640 2 4.72891e+09
64 31457280 3 3.20283e+09
64 55050240 4 1.32302e+09
64 88080384 5 8.80841e+08
