8 6144 1 3.71463e+08
8 18432 2 1.04787e+09
8 40960 3 1.15903e+09
8 76800 4 1.24514e+09
8 200704 6 7.17748e+08
8 294912 7 3.70558e+08
16 49152 1 2.47617e+09
16 147456 2 4.41089e+09
16 327680 3 2.34275e+09
16 614400 4 1.77004e+09
16 1605632 6 7.87094e+08
16 2359296 7 3.76971e+08
24 165888 1 5.08859e+09
24 497664 2 6.18754e+09
24 1105920 3 2.39133e+09
24 2073600 4 1.72243e+09
24 5419008 6 7.8035e+08
24 7962624 7 3.83999e+08
32 393216 1 6.1488e+09
32 1179648 2 6.62612e+09
32 2621440 3 2.42293e+09
32 4915200 4 1.67659e+09
32 12845056 6 7.82881e+08
32 18874368 7 3.85277e+08
48 1327104 1 7.00799e+09
48 3981312 2 7.075e+09
48 8847360 3 2.47344e+09
48 16588800 4 1.69489e+09
48 43352064 6 7.82977e+08
48 63700992 7 3.86075e+08
64 3145728 1 7.37101e+09
64 9437184 2 7.30138e+09
64 20971520 3 2.48573e+09
64 39321600 4 1.69826e+09
64 102760448 6 7.83317e+08
64 150994944 7 3.86377e+08
