8 4096 1 1.66099e+08
8 13824 2 4.33354e+08
8 32768 3 7.49668e+08
8 64000 4 1.00915e+09
8 110592 5 1.17439e+09
8 175616 6 1.18884e+09
8 262144 7 1.13946e+09
16 32768 1 7.77598e+08
16 110592 2 1.65483e+09
16 262144 3 2.35974e+09
16 512000 4 2.86257e+09
16 884736 5 3.15369e+09
16 1404928 6 2.91654e+09
16 2097152 7 2.85296e+09
24 110592 1 1.07246e+09
24 373248 2 2.05805e+09
24 884736 3 2.74048e+09
24 1728000 4 3.2348e+09
24 2985984 5 3.51706e+09
24 4741632 6 3.43288e+09
24 7077888 7 3.00518e+09
32 262144 1 1.22778e+09
32 884736 2 2.22491e+09
32 2097152 3 2.96409e+09
32 4096000 4 3.4218e+09
32 7077888 5 3.70518e+09
32 11239424 6 3.57984e+09
32 16777216 7 3.12396e+09
48 884736 1 1.31993e+09
48 2985984 2 2.37022e+09
48 7077888 3 3.1025e+09
48 13824000 4 3.55439e+09
48 23887872 5 3.82452e+09
48 37933056 6 3.66174e+09
48 56623104 7 3.18651e+09
64 2097152 1 1.35248e+09
64 7077888 2 2.40807e+09
64 16777216 3 3.13708e+09
64 32768000 4 3.58541e+09
64 56623104 5 3.85062e+09
64 89915392 6 3.683e+09
64 134217728 7 3.20234e+09
