8 12288 1 6.89562e+08
8 30720 2 1.25747e+09
8 61440 3 1.26811e+09
8 107520 4 8.30527e+08
8 172032 5 2.85791e+08
8 258048 6 1.63232e+08
8 368640 7 9.60891e+07
16 98304 1 2.57071e+09
16 245760 2 2.66147e+09
16 491520 3 1.83136e+09
16 860160 4 9.62708e+08
16 1376256 5 2.5165e+08
16 2064384 6 1.58173e+08
16 2949120 7 9.67923e+07
24 331776 1 3.2768e+09
24 829440 2 3.09054e+09
24 1658880 3 1.97432e+09
24 2903040 4 9.91039e+08
24 4644864 5 2.52206e+08
24 6967296 6 1.57681e+08
24 9953280 7 9.71541e+07
32 786432 1 3.62311e+09
32 1966080 2 3.29752e+09
32 3932160 3 2.01885e+09
32 6881280 4 9.98932e+08
32 11010048 5 2.55465e+08
32 16515072 6 1.57384e+08
32 23592960 7 9.72106e+07
48 2654208 1 3.91263e+09
48 6635520 2 3.42252e+09
48 13271040 3 2.04516e+09
48 23224320 4 1.00313e+09
48 37158912 5 2.84509e+08
48 55738368 6 1.63073e+08
48 79626240 7 9.6981e+07
64 6291456 1 4.00947e+09
64 15728640 2 3.45774e+09
64 31457280 3 2.05149e+09
64 55050240 4 1.00435e+09
64 88080384 5 2.9693e+08
