8 6144 1 3.2768e+08
8 18432 2 8.70666e+08
8 40960 3 1.1869e+09
8 76800 4 1.24696e+09
8 200704 6 7.24197e+08
8 294912 7 3.70399e+08
16 49152 1 1.60418e+09
16 147456 2 3.45897e+09
16 327680 3 2.34577e+09
16 614400 4 1.76511e+09
16 1605632 6 7.86997e+08
16 2359296 7 3.77026e+08
24 165888 1 2.68819e+09
24 497664 2 4.4952e+09
24 1105920 3 2.39325e+09
24 2073600 4 1.72103e+09
24 5419008 6 7.79368e+08
24 7962624 7 3.8396e+08
32 393216 1 3.11236e+09
32 1179648 2 4.49441e+09
32 2621440 3 2.42116e+09
32 4915200 4 1.67648e+09
32 12845056 6 7.81995e+08
32 18874368 7 3.85252e+08
48 1327104 1 3.44855e+09
48 3981312 2 4.68147e+09
48 8847360 3 2.47381e+09
48 16588800 4 1.69433e+09
48 43352064 6 7.82961e+08
48 63700992 7 3.86073e+08
64 3145728 1 3.57729e+09
64 9437184 2 4.80147e+09
64 20971520 3 2.48745e+09
64 39321600 4 1.69989e+09
64 102760448 6 7.83601e+08
64 150994944 7 3.86373e+08
