8 4096 1 5.25802e+08
8 13824 2 1.65359e+09
8 32768 3 3.2252e+09
8 64000 4 5.12e+09
8 110592 5 6.7352e+09
8 175616 6 9.10399e+09
8 262144 7 1.02721e+10
16 32768 1 2.71934e+09
16 110592 2 9.86548e+09
16 262144 3 1.00708e+10
16 512000 4 1.0509e+10
16 884736 5 1.16122e+10
16 1404928 6 1.51966e+10
16 2097152 7 1.34476e+10
24 110592 1 4.55111e+09
24 373248 2 1.36521e+10
24 884736 3 1.27815e+10
24 1728000 4 1.28696e+10
24 2985984 5 1.43378e+10
24 4741632 6 1.59791e+10
24 7077888 7 1.51198e+10
32 262144 1 5.118e+09
32 884736 2 1.65124e+10
32 2097152 3 1.40786e+10
32 4096000 4 1.36225e+10
32 7077888 5 1.5051e+10
32 11239424 6 1.69095e+10
32 16777216 7 1.56527e+10
48 884736 1 5.64209e+09
48 2985984 2 1.90287e+10
48 7077888 3 1.46939e+10
48 13824000 4 1.41933e+10
48 23887872 5 1.55632e+10
48 37933056 6 1.66585e+10
48 56623104 7 1.4908e+10
64 2097152 1 5.82267e+09
64 7077888 2 1.9831e+10
64 16777216 3 1.49228e+10
64 32768000 4 1.4975e+10
64 56623104 5 1.47511e+10
64 89915392 6 1.73918e+10
64 134217728 7 1.48453e+10
