8 12288 1 7.63704e+08
8 30720 2 1.59917e+09
8 61440 3 2.25137e+09
8 107520 4 1.31894e+09
8 172032 5 9.35821e+08
8 368640 7 5.18445e+08
16 98304 1 3.98153e+09
16 245760 2 5.67706e+09
16 491520 3 4.63523e+09
16 860160 4 1.29507e+09
16 1376256 5 8.76915e+08
16 2949120 7 5.81213e+08
24 331776 1 6.54132e+09
24 829440 2 6.64562e+09
24 1658880 3 5.02219e+09
24 2903040 4 1.30205e+09
24 4644864 5 8.73453e+08
24 9953280 7 5.89107e+08
32 786432 1 7.4038e+09
32 1966080 2 6.97662e+09
32 3932160 3 5.22074e+09
32 6881280 4 1.31388e+09
32 11010048 5 8.77963e+08
32 23592960 7 5.91019e+08
48 2654208 1 7.92916e+09
48 6635520 2 7.40068e+09
48 13271040 3 5.36537e+09
48 23224320 4 1.32105e+09
48 37158912 5 8.80127e+08
48 79626240 7 5.92336e+08
64 6291456 1 8.2667e+09
64 15728640 2 7.52959e+09
64 31457280 3 5.4116e+09
64 55050240 4 1.323e+09
64 88080384 5 8.80704e+08
