8 4096 1 2.08236e+08
8 13824 2 6.45077e+08
8 32768 3 1.26371e+09
8 64000 4 1.88568e+09
8 110592 5 2.42049e+09
8 175616 6 2.81211e+09
8 262144 7 2.96275e+09
16 32768 1 1.23234e+09
16 110592 2 3.27583e+09
16 262144 3 5.38947e+09
16 512000 4 6.49252e+09
16 884736 5 7.50094e+09
16 1404928 6 7.11969e+09
16 2097152 7 6.84986e+09
24 110592 1 2.45487e+09
24 373248 2 4.72107e+09
24 884736 3 6.81983e+09
24 1728000 4 7.96644e+09
24 2985984 5 8.3843e+09
24 4741632 6 8.24675e+09
24 7077888 7 7.3801e+09
32 262144 1 3.08695e+09
32 884736 2 5.56403e+09
32 2097152 3 7.34606e+09
32 4096000 4 8.5094e+09
32 7077888 5 9.02619e+09
32 11239424 6 8.82832e+09
32 16777216 7 7.8587e+09
48 884736 1 3.54391e+09
48 2985984 2 5.99379e+09
48 7077888 3 7.9385e+09
48 13824000 4 9.03358e+09
48 23887872 5 9.44793e+09
48 37933056 6 9.14338e+09
48 56623104 7 8.07763e+09
64 2097152 1 3.68083e+09
64 7077888 2 6.20443e+09
64 16777216 3 8.12279e+09
64 32768000 4 9.17892e+09
64 56623104 5 9.56303e+09
64 89915392 6 9.22088e+09
64 134217728 7 8.13319e+09
