8 6144 1 3.42094e+08
8 18432 2 8.1234e+08
8 40960 3 5.32155e+08
8 76800 4 5.83897e+08
8 129024 5 3.46122e+08
8 200704 6 1.30334e+08
8 294912 7 8.69365e+07
16 49152 1 1.80441e+09
16 147456 2 2.20281e+09
16 327680 3 5.76141e+08
16 614400 4 6.57781e+08
16 1032192 5 4.52835e+08
16 1605632 6 1.25228e+08
16 2359296 7 9.18837e+07
24 165888 1 2.66401e+09
24 497664 2 2.70808e+09
24 1105920 3 6.05821e+08
24 2073600 4 6.61073e+08
24 3483648 5 3.64436e+08
24 5419008 6 1.23169e+08
24 7962624 7 9.25073e+07
32 393216 1 3.015e+09
32 1179648 2 2.88352e+09
32 2621440 3 6.15382e+08
32 4915200 4 5.7284e+08
32 8257536 5 4.13565e+08
32 12845056 6 1.23949e+08
32 18874368 7 9.06929e+07
48 1327104 1 3.42841e+09
48 3981312 2 3.03514e+09
48 8847360 3 6.20154e+08
48 16588800 4 6.74328e+08
48 27869184 5 3.20884e+08
48 43352064 6 1.22759e+08
48 63700992 7 9.04424e+07
64 3145728 1 3.57173e+09
64 9437184 2 3.08236e+09
64 20971520 3 6.21949e+08
64 39321600 4 5.3329e+08
64 66060288 5 4.0836e+08
64 102760448 6 1.23736e+08
64 150994944 7 9.26193e+07
