8 4096 1 3.57417e+08
8 13824 2 1.21263e+09
8 32768 3 2.43991e+09
8 64000 4 4.38657e+09
8 110592 5 5.66557e+09
8 175616 6 6.45647e+09
16 32768 1 2.19772e+09
16 110592 2 6.30873e+09
16 262144 3 7.86747e+09
16 512000 4 8.55901e+09
16 884736 5 8.56472e+09
16 1404928 6 7.75689e+09
24 110592 1 5.13188e+09
24 373248 2 8.67413e+09
24 884736 3 9.10878e+09
24 1728000 4 1.01917e+10
24 2985984 5 9.78658e+09
24 4741632 6 8.38544e+09
32 262144 1 5.82413e+09
32 884736 2 9.75884e+09
32 2097152 3 1.02701e+10
32 4096000 4 1.08165e+10
32 7077888 5 1.02138e+10
32 11239424 6 8.57526e+09
48 884736 1 6.48919e+09
48 2985984 2 1.12049e+10
48 7077888 3 1.08354e+10
48 13824000 4 1.12655e+10
48 23887872 5 1.04579e+10
48 37933056 6 8.6887e+09
64 2097152 1 6.8687e+09
64 7077888 2 1.16753e+10
64 16777216 3 1.10505e+10
64 32768000 4 1.13887e+10
64 56623104 5 1.05167e+10
64 89915392 6 8.71494e+09
